// Jest Snapshot v1, https://goo.gl/fbAQLP

exports[`mapDispatchToProps matches the last snapshot 1`] = `
Object {
  "changeCommunity": [Function],
  "logout": [Function],
}
`;

exports[`mapStateToProps matches the latest snapshot 1`] = `
Object {
  "avatarUrl": undefined,
  "cim": Array [],
  "communities": Array [],
  "currentCommunityId": undefined,
  "currentUser": undefined,
  "name": "you",
  "networks": Array [
    Object {
      "communities": Array [],
      "id": "all-communities",
      "name": "All Communities",
    },
  ],
}
`;

exports[`mergeProps matches the last snapshot and bound functions work as expected 1`] = `
Object {
  "changeCommunity": [Function],
  "currentUser": Object {
    "id": "anyid",
  },
  "goToCommunity": [Function],
  "goToMyProfile": [Function],
  "name": "Roy Rogers",
  "navigation": Object {
    "navigate": [Function],
  },
  "showSettings": [Function],
}
`;
