// Jest Snapshot v1, https://goo.gl/fbAQLP

exports[`mapsDispatchToProps 1`] = `
Object {
  "editPost": [Function],
  "fetchPost": [Function],
  "goToCommunity": [Function],
  "newComment": [Function],
  "showMember": [Function],
  "showTopic": [Function],
}
`;

exports[`mapsStateToProps 1`] = `
Object {
  "commentEdit": "draft comment text",
  "currentUser": undefined,
  "post": Object {
    "commenters": Array [],
    "communities": Array [
      SessionBoundModel {
        "_fields": Object {
          "id": "2",
          "members": undefined,
          "moderators": undefined,
          "name": "Home",
          "posts": undefined,
        },
      },
    ],
    "creator": undefined,
    "fileAttachments": Array [
      SessionBoundModel {
        "_fields": Object {
          "id": "1",
          "post": "1",
          "type": "file",
          "url": "http://foo.com/foo.pdf",
        },
      },
    ],
    "fileUrls": Array [
      "http://foo.com/foo.pdf",
    ],
    "followers": undefined,
    "id": "1",
    "imageUrls": Array [
      "http://foo.com/bar.png",
    ],
    "linkPreview": undefined,
    "pinned": undefined,
    "postMemberships": undefined,
    "topics": Array [],
  },
}
`;
