// Jest Snapshot v1, https://goo.gl/fbAQLP

exports[`mapDispatchToProps maps the action generators 1`] = `
Object {
  "clearCreateGroupStore": [Function],
  "createGroup": [Function],
}
`;

exports[`mapDispatchToProps maps the action generators 2`] = `
Array [
  Array [
    Object {
      "graphql": Object {
        "query": "mutation ($data: GroupInput) {
        createGroup(data: $data) {
          id
          hasModeratorRole
          group {
            id
            name
            slug
          }
        }
      }
      ",
        "variables": Object {
          "data": Object {
            "name": "name",
            "slug": "my-url",
          },
        },
      },
      "meta": Object {
        "analytics": "Group Created",
        "extractModel": "Membership",
        "name": "name",
        "slug": "my-url",
      },
      "type": "CreateGroupFlow/CREATE_GROUP",
    },
  ],
  Array [
    Object {
      "type": "CreateGroupFlow/CLEAR_CREATE_GROUP_STORE",
    },
  ],
]
`;

exports[`mapStateToProps returns the right keys 1`] = `
Object {
  "createGroupPending": true,
  "groupName": "name",
  "groupUrl": "my-url",
}
`;

exports[`mergeProps merges the props 1`] = `
Object {
  "CreateGroupFlow": Object {
    "groupName": "name",
    "groupUrl": "my-url",
  },
  "goToCreateGroupName": [Function],
  "goToCreateGroupUrl": [Function],
  "goToGroup": [Function],
  "navigation": Object {
    "closeDrawer": [MockFunction],
    "navigate": [MockFunction],
  },
  "pending": Object {
    "CreateGroupFlow/CREATE_GROUP": true,
  },
  "selectGroup": [MockFunction],
}
`;
