// Jest Snapshot v1, https://goo.gl/fbAQLP

exports[`renders correctly with all=true, and no community or user 1`] = `
<View>
  <View>
    <Avatar
      avatarUrl="foo.png"
    />
  </View>
  <View>
    <Text
      accessible={true}
      allowFontScaling={true}
      disabled={false}
      ellipsizeMode="tail"
    >
      Zeus
    </Text>
    <Text
      accessible={true}
      allowFontScaling={true}
      disabled={false}
      ellipsizeMode="tail"
    >
      Go!
    </Text>
    <Text
      accessible={true}
      allowFontScaling={true}
      disabled={false}
      ellipsizeMode="tail"
    >
      10m ago
    </Text>
  </View>
  <View>
    <PostMenu
      deletePost={[Function]}
      editPost={[Function]}
    />
  </View>
</View>
`;
