// Jest Snapshot v1, https://goo.gl/fbAQLP

exports[`unlinkAccount matches snapshot 1`] = `
Object {
  "graphql": Object {
    "query": "mutation ($provider: String) {
        unlinkAccount(provider: $provider) {
          success
        }
      }",
    "variables": Object {
      "provider": "facebook",
    },
  },
  "type": "NotificationSettings/UNLINK_ACCOUNT",
}
`;
