// Jest Snapshot v1, https://goo.gl/fbAQLP

exports[`matches last snapshot 1`] = `
<View>
  <Text>
    Name
  </Text>
  <TextInput
    autoCapitalize="words"
    autoCorrect={true}
    editable={true}
    keyboardType="email-address"
    onChangeText={[Function]}
    onSubmitEditing={[Function]}
    returnKeyType="next"
    secureTextEntry={true}
    textContentType="oneTimeCode"
    value="Joe Bloggs"
  />
  <View>
    <TouchableOpacity
      hitSlop={
        Object {
          "bottom": 10,
          "left": 10,
          "right": 10,
          "top": 10,
        }
      }
      onPress={[Function]}
    >
      <Icon
        allowFontScaling={false}
        name="eye"
        size={12}
      />
    </TouchableOpacity>
    <View>
      <TouchableOpacity
        hitSlop={
          Object {
            "bottom": 10,
            "left": 10,
            "right": 10,
            "top": 10,
          }
        }
        onPress={[Function]}
      >
        <Icon
          allowFontScaling={false}
          name="check"
          size={12}
        />
      </TouchableOpacity>
    </View>
  </View>
  <View>
    <Triangle
      color="white"
      direction="up"
      height={5}
      width={10}
    />
    <View>
      <Text>
        This is not a real name
      </Text>
    </View>
  </View>
</View>
`;
