// Jest Snapshot v1, https://goo.gl/fbAQLP

exports[`mergeProps binds communityId to functions from dispatchProps 1`] = `
Object {
  "community": Object {
    "id": "12",
    "slug": "life",
  },
  "fetchCommunityTopic": [Function],
  "goToCommunity": [Function],
  "goToCreateCommunity": [Function],
  "newPost": [Function],
  "otherProp1": "foo1",
  "otherProp2": "foo2",
  "setTopicSubscribe": [Function],
  "showMember": [Function],
  "showPost": [Function],
  "showTopic": [Function],
}
`;

exports[`mergeProps sets up fetchCommunityTopic 1`] = `
Object {
  "graphql": Object {
    "query": "query ($topicName: String, $communitySlug: String) {
        communityTopic(topicName: $topicName, communitySlug: $communitySlug) {
          id
          isSubscribed
          followersTotal
          postsTotal
          topic {
            id
            name
          }
          community {
            id
          }
        }
      }",
    "variables": Object {
      "communitySlug": "life",
      "topicName": "inquiry",
    },
  },
  "meta": Object {
    "afterInteractions": true,
    "extractModel": "CommunityTopic",
  },
  "type": "Feed/FETCH_COMMUNITY_TOPIC",
}
`;

exports[`mergeProps sets up setTopicSubscribe 1`] = `
Object {
  "graphql": Object {
    "query": "mutation($topicId: ID, $communityId: ID, $isSubscribing: Boolean) {
        subscribe(topicId: $topicId, communityId: $communityId, isSubscribing: $isSubscribing) {
          success
        }
      }",
    "variables": Object {
      "communityId": "12",
      "isSubscribing": true,
      "topicId": "5",
    },
  },
  "meta": Object {
    "communityId": "12",
    "isSubscribing": true,
    "optimistic": true,
    "topicId": "5",
  },
  "type": "Feed/SET_TOPIC_SUBSCRIBE",
}
`;
