// Jest Snapshot v1, https://goo.gl/fbAQLP

exports[`mapStateToProps returns the right keys 1`] = `
Object {
  "currentContext": Object {
    "avatarUrl": undefined,
    "bannerUrl": undefined,
    "childGroups": Object {
      "toModelArray": [Function],
    },
    "headerAvatarUrl": undefined,
    "id": "all",
    "name": "All My Groups",
    "parentGroups": Object {
      "toModelArray": [Function],
    },
    "slug": "all",
  },
}
`;
