// Jest Snapshot v1, https://goo.gl/fbAQLP

exports[`renders as expected 1`] = `
<View>
  <MemberList
    fetchMembers={[Function]}
    fetchMoreMembers={[Function]}
    hasMore={null}
    hideSortOptions={true}
    isServerSearch={false}
    members={
      Array [
        Object {
          "id": "member1",
        },
        Object {
          "id": "member2",
        },
      ]
    }
    networkSlug=""
    pending={false}
    search={null}
    setSearch={[Function]}
    setSort={[Function]}
    showMember={[Function]}
    slug=""
    sortBy={null}
    sortKeys={null}
  >
    
  </MemberList>
</View>
`;
