// Jest Snapshot v1, https://goo.gl/fbAQLP

exports[`matches last snapshot 1`] = `
<View
  actions={
    Array [
      Array [
        "Choose from library",
        [Function],
      ],
      Array [
        "Take photo",
        [Function],
      ],
    ]
  }
>
  <Text>
    Children
  </Text>
</View>
`;
