// Jest Snapshot v1, https://goo.gl/fbAQLP

exports[`MenuButton renders correctly 1`] = `
<TouchableOpacity
  activeOpacity={0.2}
  focusedOpacity={0.7}
  onPress={[Function]}
>
  <Image
    source={
      Object {
        "uri": "https://d3ngex8q79bk55.cloudfront.net/user/13986/avatar/1444260480878_AxolotlPic.png",
      }
    }
  />
</TouchableOpacity>
`;
