// Jest Snapshot v1, https://goo.gl/fbAQLP

exports[`mapDispatchToProps maps the action generators 1`] = `
Object {
  "changeSetting": [Function],
  "updateUserSettings": [Function],
}
`;

exports[`mapDispatchToProps maps the action generators 2`] = `
Array [
  Array [
    Object {
      "payload": Object {
        "name": "dan",
      },
      "type": "SignupFlow/UPDATE_LOCAL_USER_SETTINGS",
    },
  ],
  Array [
    Object {
      "graphql": Object {
        "query": "mutation ($changes: MeInput) {
        updateMe(changes: $changes) {
          id
          name
          email
          location
          locationObject {
            id
            addressNumber
            addressStreet
            bbox {
              lat
              lng
            }
            center {
              lat
              lng
            }
            city
            country
            fullText
            locality
            neighborhood
            region
          }
          avatarUrl
          facebookUrl
          twitterName
          intercomHash
          skills (first: 100) {
            total
            hasMore
            items {
              id
              name
            }
          }
          settings {
            signupInProgress
            dmNotifications
          }
        }
      }",
        "variables": Object {
          "changes": Object {
            "name": "jan",
          },
        },
      },
      "meta": Object {
        "changes": Object {
          "name": "jan",
        },
        "optimistic": true,
      },
      "type": "UPDATE_USER_SETTINGS",
    },
  ],
]
`;

exports[`mapStateToProps returns the right keys 1`] = `
Object {
  "avatarUrl": undefined,
  "currentUser": undefined,
}
`;

exports[`mergeProps merges the props 1`] = `
Object {
  "avatarUrl": "a",
  "navigation": Object {
    "navigate": [MockFunction],
  },
  "saveAndNext": [Function],
  "updateUserSettings": [MockFunction],
}
`;

exports[`mergeProps merges the props 2`] = `
Array [
  Array [
    Object {
      "avatarUrl": "a",
    },
  ],
]
`;
