// Jest Snapshot v1, https://goo.gl/fbAQLP

exports[`InviteExpired matches the last snapshot 1`] = `
<View>
  <View>
    <Text
      accessible={true}
      allowFontScaling={true}
      ellipsizeMode="tail"
    >
      Your invite has expired!
    </Text>
    <Text
      accessible={true}
      allowFontScaling={true}
      ellipsizeMode="tail"
    >
      Contact your moderator for another one.
    </Text>
  </View>
  <Image
    resizeMode="stretch"
    source={
      Object {
        "testUri": "../../../src/assets/Axel_Fretting.png",
      }
    }
  />
  <View>
    <TouchableOpacity
      activeOpacity={0.2}
      onPress={[Function]}
    >
      <Text
        accessible={true}
        allowFontScaling={true}
        ellipsizeMode="tail"
      >
        Log In
      </Text>
    </TouchableOpacity>
  </View>
</View>
`;
