// Jest Snapshot v1, https://goo.gl/fbAQLP

exports[`InviteExpired matches the last snapshot 1`] = `
<View>
  <View>
    <Text>
      Your invite has expired!
    </Text>
    <Text>
      Contact your moderator for another one.
    </Text>
  </View>
  <Image
    resizeMode="stretch"
    source={
      Object {
        "testUri": "../../../src/assets/Axel_Fretting.png",
      }
    }
  />
  <View>
    <ForwardRef
      onPress={[Function]}
    >
      <Text>
        Log In
      </Text>
    </ForwardRef>
  </View>
</View>
`;
