// Jest Snapshot v1, https://goo.gl/fbAQLP

exports[`matches last snapshot 1`] = `
<View>
  <Text
    accessible={true}
    allowFontScaling={true}
    disabled={false}
    ellipsizeMode="tail"
  >
    Name
  </Text>
  <TextInput
    autoCapitalize="words"
    autoCorrect={true}
    editable={true}
    keyboardType="email-address"
    onChangeText={[Function]}
    onSubmitEditing={[Function]}
    returnKeyType="next"
    secureTextEntry={true}
    value="Joe Bloggs"
  />
  <View>
    <Icon
      allowFontScaling={false}
      name="eye"
      onPress={[Function]}
      size={12}
    />
    <View>
      <Icon
        allowFontScaling={false}
        name="check"
        onPress={[Function]}
        size={12}
      />
    </View>
  </View>
  <View>
    <Triangle
      color="white"
      direction="up"
      height={5}
      width={10}
    />
    <View>
      <Text
        accessible={true}
        allowFontScaling={true}
        disabled={false}
        ellipsizeMode="tail"
      >
        This is not a real name
      </Text>
    </View>
  </View>
</View>
`;
