// Jest Snapshot v1, https://goo.gl/fbAQLP

exports[`mapDispatchToProps matches last snapshot 1`] = `
Object {
  "updateAllMemberships": [Function],
  "updateMembershipSettings": [Function],
  "updateUserSettings": [Function],
}
`;

exports[`mapStateToProps matches last snapshot 1`] = `
Object {
  "allGroupsSettings": Object {
    "sendEmail": true,
    "sendPushNotifications": true,
  },
  "memberships": undefined,
  "messageSettings": undefined,
}
`;
