// Jest Snapshot v1, https://goo.gl/fbAQLP

exports[`matches last snapshot 1`] = `
<KeyboardFriendlyView>
  <ScrollView
    keyboardDismissMode="on-drag"
    keyboardShouldPersistTaps="handled"
  >
    <View>
      <Text>
        Add your location
      </Text>
      <Text>
        Add your location to see more relevant content and find people and projects near you.
      </Text>
    </View>
    <View>
      <SettingControl
        label="Where do you call home"
        onFocus={[Function]}
        value="Hull"
      />
    </View>
  </ScrollView>
  <View>
    <Button
      onPress={[Function]}
      text="< Back"
    />
    <Button
      onPress={[Function]}
      text="Continue"
    />
  </View>
</KeyboardFriendlyView>
`;
