// Jest Snapshot v1, https://goo.gl/fbAQLP

exports[`presentPost matches the snapshot 1`] = `
{
  "attachments": [],
  "clickthrough": undefined,
  "commenters": [],
  "creator": null,
  "eventInvitations": [
    {
      "id": 0,
      "name": "Mr Person",
      "response": "yes",
    },
  ],
  "fileAttachments": [],
  "fileUrls": [],
  "groups": [],
  "id": 324,
  "imageUrls": [],
  "isPublic": undefined,
  "linkPreview": null,
  "location": undefined,
  "members": [],
  "pinned": true,
  "topics": [],
}
`;
