// Jest Snapshot v1, https://goo.gl/fbAQLP

exports[`BlockedUsers matches the last snapshot 1`] = `
<ScrollView
  contentContainerStyle={
    {
      "paddingTop": 20,
    }
  }
>
  <BlockedUserRow
    unBlockUser={[Function]}
    user={
      {
        "id": 1,
        "name": "Blocker User 1",
      }
    }
  />
  <BlockedUserRow
    unBlockUser={[Function]}
    user={
      {
        "id": 2,
        "name": "Blocker User 2",
      }
    }
  />
</ScrollView>
`;
