// Jest Snapshot v1, https://goo.gl/fbAQLP

exports[`checkInvitation 1`] = `
Object {
  "graphql": Object {
    "query": "query ($invitationToken: String, $accessCode: String) {
        checkInvitation (invitationToken: $invitationToken, accessCode: $accessCode) {
          valid
        }
      }",
    "variables": Object {
      "accessCode": "accesstoken",
      "invitationToken": "invitationtoken",
    },
  },
  "type": "CheckInvitation/CHECK_INVITATION",
}
`;
