// Jest Snapshot v1, https://goo.gl/fbAQLP

exports[`FeedList renders correctly 1`] = `
<View>
  <FlatList
    ListFooterComponent={<Loading />}
    ListHeaderComponent={
      <View>
        <View>
          <ListControl
            onChange={[Function]}
            options={
              [
                {
                  "id": "updated",
                  "label": "Latest Activity",
                },
                {
                  "id": "created",
                  "label": "Post Date",
                },
                {
                  "id": "votes",
                  "label": "Popular",
                },
              ]
            }
            selected="latest"
          />
          <ListControl
            onChange={[Function]}
            options={
              [
                {
                  "id": null,
                  "label": "All",
                },
                {
                  "id": "discussion",
                  "label": "Discussions",
                },
                {
                  "id": "event",
                  "label": "Events",
                },
                {
                  "id": "offer",
                  "label": "Offers",
                },
                {
                  "id": "project",
                  "label": "Projects",
                },
                {
                  "id": "request",
                  "label": "Requests",
                },
                {
                  "id": "resource",
                  "label": "Resources",
                },
              ]
            }
            selected="all"
          />
        </View>
      </View>
    }
    data={
      [
        1,
        2,
        3,
      ]
    }
    keyExtractor={[Function]}
    onEndReached={[Function]}
    onRefresh={[Function]}
    refreshing={false}
    renderItem={[Function]}
  />
</View>
`;
