// Jest Snapshot v1, https://goo.gl/fbAQLP

exports[`getPost returns the post 1`] = `
SessionBoundModel {
  "_fields": Object {
    "id": 31,
  },
}
`;

exports[`presentPost matches the snapshot 1`] = `
Object {
  "commenters": Array [],
  "creator": Object {
    "id": "10",
  },
  "eventInvitations": Array [],
  "fileAttachments": Array [],
  "fileUrls": Array [],
  "groups": Array [],
  "id": 324,
  "imageUrls": Array [],
  "linkPreview": undefined,
  "members": Array [],
  "pinned": true,
  "topics": Array [],
}
`;
