// Jest Snapshot v1, https://goo.gl/fbAQLP

exports[`StreamList renders correctly 1`] = `
<SafeAreaProvider>
  <TRenderEngineProvider
    baseStyle={
      {
        "fontSize": 14,
      }
    }
    classesStyles={{}}
    customHTMLElementModels={{}}
    emSize={14}
    enableCSSInlineProcessing={true}
    enableUserAgentStyles={true}
    fallbackFonts={
      {
        "monospace": "Menlo",
        "sans-serif": "system",
        "serif": "Times New Roman",
      }
    }
    htmlParserOptions={
      {
        "decodeEntities": true,
      }
    }
    ignoredDomTags={[]}
    ignoredStyles={[]}
    systemFonts={
      [
        "San Francisco",
        "Arial",
        "ArialHebrew",
        "Avenir",
        "Baskerville",
        "Bodoni 72",
        "Bradley Hand",
        "Chalkboard SE",
        "Cochin",
        "Copperplate",
        "Courier",
        "Courier New",
        "Damascus",
        "Didot",
        "Futura",
        "Geeza Pro",
        "Georgia",
        "Gill Sans",
        "Helvetica",
        "Helvetica Neue",
        "Hiragino Sans",
        "Hoefler Text",
        "Iowan Old Style",
        "Kailasa",
        "Khmer Sangam MN",
        "Marker Felt",
        "Menlo",
        "Mishafi",
        "Noteworthy",
        "Optima",
        "Palatino",
        "Papyrus",
        "Savoye LET",
        "Symbol",
        "Thonburi",
        "Times New Roman",
        "Trebuchet MS",
        "Verdana",
        "Zapf Dingbats",
        "Zapfino",
      ]
    }
    tagsStyles={{}}
  >
    <Provider
      store={
        {
          "dispatch": [MockFunction],
          "getState": [MockFunction],
          "subscribe": [MockFunction],
        }
      }
    >
      <HyloHTMLConfigProvider>
        <ForwardRef(NavigationContainerInner)>
          <StreamList
            fetchMorePosts={[Function]}
            filter="all"
            pending={true}
            postIds={
              [
                1,
                2,
                3,
              ]
            }
            refreshPosts={[Function]}
            setFilter={[Function]}
            setSort={[Function]}
            sortBy="latest"
          />
        </ForwardRef(NavigationContainerInner)>
      </HyloHTMLConfigProvider>
    </Provider>
  </TRenderEngineProvider>
</SafeAreaProvider>
`;
