// Jest Snapshot v1, https://goo.gl/fbAQLP

exports[`useInvitation 1`] = `
Object {
  "graphql": Object {
    "query": "mutation ($userId: ID, $invitationToken: String, $accessCode: String) {
        useInvitation (userId: $userId, invitationToken: $invitationToken, accessCode: $accessCode) {
          membership {
            id
            role
            group {
              id
              name
              slug
            }
          }
          error
        }
      }",
    "variables": Object {
      "accessCode": undefined,
      "invitationToken": undefined,
      "userId": Object {
        "accessCode": "accesstoken",
        "invitationToken": "invitationtoken",
      },
    },
  },
  "meta": Object {
    "analytics": "Group Invitation Accepted",
    "extractModel": Array [
      Object {
        "getRoot": [Function],
        "modelName": "Membership",
      },
    ],
  },
  "type": "JoinGroup/USE_INVITATION",
}
`;
