// Jest Snapshot v1, https://goo.gl/fbAQLP

exports[`matches the last snapshot 1`] = `
<View>
  <Avatar
    avatarUrl="https://wombat.com/test.jpg"
  />
  <View>
    <Text />
    <HtmlView
      RootComponent={[Function]}
      addLineBreaks={false}
      onError={[Function]}
      onLinkLongPress={null}
      onLinkPress={[Function]}
      stylesheet={
        Object {
          "a": Object {
            "color": "#0DC39F",
          },
          "p": Object {
            "marginBottom": 12,
          },
        }
      }
      textComponentProps={
        Object {
          "style": Array [
            Object {
              "color": "#5D757A",
              "fontFamily": "Circular-Book",
              "marginTop": 3,
            },
            undefined,
          ],
        }
      }
      value="<p>Hi</p>"
    />
    <Text>
      1 mo ago
    </Text>
  </View>
</View>
`;
