// Jest Snapshot v1, https://goo.gl/fbAQLP

exports[`matches the last snapshot 1`] = `
<View>
  <Avatar
    avatarUrl="https://wombat.com/test.jpg"
  />
  <View>
    <Text />
    <Memo
      baseStyle={
        Object {
          "marginTop": 3,
        }
      }
      classesStyles={
        Object {
          "p": Object {
            "margin": 0,
            "padding": 0,
          },
        }
      }
      html="<p>Hi</p>
"
    />
    <Text>
      1 mo ago
    </Text>
  </View>
</View>
`;
