// Jest Snapshot v1, https://goo.gl/fbAQLP

exports[`sets up the expected reducers 1`] = `
Object {
  "CommentEditor": Object {},
  "CreateGroupFlow": Object {
    "edited": false,
    "groupData": Object {
      "accessibility": 1,
      "name": "",
      "parentIds": Array [],
      "slug": "",
      "visibility": 1,
    },
    "urlExists": false,
    "workflowOptions": Object {},
  },
  "FeedList": Object {
    "filter": null,
    "sortBy": "updated",
    "timeframe": "future",
  },
  "ItemChooser": Object {},
  "MemberFeed": Object {
    "choice": "Posts",
  },
  "Members": Object {
    "search": "",
    "sortBy": "join",
  },
  "ModeratorSettings": Array [],
  "NewMessage": Object {
    "message": "",
  },
  "PeopleTyping": Object {},
  "SearchPage": Object {
    "filter": "all",
    "search": "",
  },
  "Signup": Object {
    "errors": Object {},
    "userSettings": Object {
      "avatarUrl": "",
      "confirmPassword": "",
      "email": null,
      "location": "",
      "locationId": null,
      "name": "",
      "password": "",
      "settings": Object {},
    },
  },
  "SkillEditor": Object {
    "skill": "",
    "userSkills": Array [],
  },
  "SocketListener": Object {},
  "Topics": Object {
    "term": "",
  },
  "mixpanel": Object {
    "init": [MockFunction] {
      "calls": Array [
        Array [],
      ],
      "results": Array [
        Object {
          "type": "return",
          "value": undefined,
        },
      ],
    },
  },
  "orm": Object {
    "@@_______REDUX_ORM_STATE_FLAG": true,
    "Activity": Object {
      "indexes": Object {
        "actor": Object {},
        "comment": Object {},
        "group": Object {},
        "post": Object {},
      },
      "items": Array [],
      "itemsById": Object {},
      "meta": Object {},
    },
    "Attachment": Object {
      "indexes": Object {
        "comment": Object {},
        "post": Object {},
      },
      "items": Array [],
      "itemsById": Object {},
      "meta": Object {},
    },
    "Comment": Object {
      "indexes": Object {
        "creator": Object {},
        "parentComment": Object {},
        "post": Object {},
      },
      "items": Array [],
      "itemsById": Object {},
      "meta": Object {},
    },
    "EventInvitation": Object {
      "indexes": Object {
        "event": Object {},
        "person": Object {},
      },
      "items": Array [],
      "itemsById": Object {},
      "meta": Object {},
    },
    "Group": Object {
      "indexes": Object {
        "locationId": Object {},
      },
      "items": Array [],
      "itemsById": Object {},
      "meta": Object {},
    },
    "GroupActiveProjects": Object {
      "indexes": Object {
        "fromGroupId": Object {},
        "toPostId": Object {},
      },
      "items": Array [],
      "itemsById": Object {},
      "meta": Object {},
    },
    "GroupAnnouncements": Object {
      "indexes": Object {
        "fromGroupId": Object {},
        "toPostId": Object {},
      },
      "items": Array [],
      "itemsById": Object {},
      "meta": Object {},
    },
    "GroupGroupToGroupJoinQuestions": Object {
      "indexes": Object {
        "fromGroupId": Object {},
        "toGroupToGroupJoinQuestionId": Object {},
      },
      "items": Array [],
      "itemsById": Object {},
      "meta": Object {},
    },
    "GroupJoinQuestion": Object {
      "indexes": Object {
        "group": Object {},
      },
      "items": Array [],
      "itemsById": Object {},
      "meta": Object {},
    },
    "GroupJoinQuestions": Object {
      "indexes": Object {
        "fromGroupId": Object {},
        "toGroupJoinQuestionId": Object {},
      },
      "items": Array [],
      "itemsById": Object {},
      "meta": Object {},
    },
    "GroupMembers": Object {
      "indexes": Object {
        "fromGroupId": Object {},
        "toPersonId": Object {},
      },
      "items": Array [],
      "itemsById": Object {},
      "meta": Object {},
    },
    "GroupModerator": Object {
      "indexes": Object {
        "group": Object {},
        "moderator": Object {},
      },
      "items": Array [],
      "itemsById": Object {},
      "meta": Object {},
    },
    "GroupOpenOffersAndRequests": Object {
      "indexes": Object {
        "fromGroupId": Object {},
        "toPostId": Object {},
      },
      "items": Array [],
      "itemsById": Object {},
      "meta": Object {},
    },
    "GroupPosts": Object {
      "indexes": Object {
        "fromGroupId": Object {},
        "toPostId": Object {},
      },
      "items": Array [],
      "itemsById": Object {},
      "meta": Object {},
    },
    "GroupPrerequisite": Object {
      "indexes": Object {
        "forGroup": Object {},
        "prerequisiteGroup": Object {},
      },
      "items": Array [],
      "itemsById": Object {},
      "meta": Object {},
    },
    "GroupRelationship": Object {
      "indexes": Object {
        "childGroup": Object {},
        "parentGroup": Object {},
      },
      "items": Array [],
      "itemsById": Object {},
      "meta": Object {},
    },
    "GroupRelationshipInvite": Object {
      "indexes": Object {
        "createdBy": Object {},
        "fromGroup": Object {},
        "toGroup": Object {},
      },
      "items": Array [],
      "itemsById": Object {},
      "meta": Object {},
    },
    "GroupRelationshipInviteQuestionAnswers": Object {
      "indexes": Object {
        "fromGroupRelationshipInviteId": Object {},
        "toGroupToGroupJoinRequestQuestionAnswerId": Object {},
      },
      "items": Array [],
      "itemsById": Object {},
      "meta": Object {},
    },
    "GroupSuggestedSkills": Object {
      "indexes": Object {
        "fromGroupId": Object {},
        "toSkillId": Object {},
      },
      "items": Array [],
      "itemsById": Object {},
      "meta": Object {},
    },
    "GroupToGroupJoinQuestion": Object {
      "indexes": Object {
        "group": Object {},
      },
      "items": Array [],
      "itemsById": Object {},
      "meta": Object {},
    },
    "GroupToGroupJoinRequestQuestionAnswer": Object {
      "indexes": Object {
        "question": Object {},
      },
      "items": Array [],
      "itemsById": Object {},
      "meta": Object {},
    },
    "GroupTopic": Object {
      "indexes": Object {
        "group": Object {},
        "topic": Object {},
      },
      "items": Array [],
      "itemsById": Object {},
      "meta": Object {},
    },
    "GroupUpcomingEvents": Object {
      "indexes": Object {
        "fromGroupId": Object {},
        "toPostId": Object {},
      },
      "items": Array [],
      "itemsById": Object {},
      "meta": Object {},
    },
    "Invitation": Object {
      "indexes": Object {
        "group": Object {},
      },
      "items": Array [],
      "itemsById": Object {},
      "meta": Object {},
    },
    "JoinRequest": Object {
      "indexes": Object {
        "group": Object {},
        "user": Object {},
      },
      "items": Array [],
      "itemsById": Object {},
      "meta": Object {},
    },
    "JoinRequestQuestionAnswer": Object {
      "indexes": Object {
        "question": Object {},
      },
      "items": Array [],
      "itemsById": Object {},
      "meta": Object {},
    },
    "JoinRequestQuestionAnswers": Object {
      "indexes": Object {
        "fromJoinRequestId": Object {},
        "toJoinRequestQuestionAnswerId": Object {},
      },
      "items": Array [],
      "itemsById": Object {},
      "meta": Object {},
    },
    "Location": Object {
      "indexes": Object {},
      "items": Array [],
      "itemsById": Object {},
      "meta": Object {},
    },
    "Me": Object {
      "indexes": Object {
        "locationId": Object {},
      },
      "items": Array [],
      "itemsById": Object {},
      "meta": Object {},
    },
    "MeBlockedUsers": Object {
      "indexes": Object {
        "fromMeId": Object {},
        "toPersonId": Object {},
      },
      "items": Array [],
      "itemsById": Object {},
      "meta": Object {},
    },
    "MeJoinRequests": Object {
      "indexes": Object {
        "fromMeId": Object {},
        "toJoinRequestId": Object {},
      },
      "items": Array [],
      "itemsById": Object {},
      "meta": Object {},
    },
    "MeMemberships": Object {
      "indexes": Object {
        "fromMeId": Object {},
        "toMembershipId": Object {},
      },
      "items": Array [],
      "itemsById": Object {},
      "meta": Object {},
    },
    "MeMessageThreads": Object {
      "indexes": Object {
        "fromMeId": Object {},
        "toMessageThreadId": Object {},
      },
      "items": Array [],
      "itemsById": Object {},
      "meta": Object {},
    },
    "MeNotifications": Object {
      "indexes": Object {
        "fromMeId": Object {},
        "toNotificationId": Object {},
      },
      "items": Array [],
      "itemsById": Object {},
      "meta": Object {},
    },
    "MePosts": Object {
      "indexes": Object {
        "fromMeId": Object {},
        "toPostId": Object {},
      },
      "items": Array [],
      "itemsById": Object {},
      "meta": Object {},
    },
    "MeSkills": Object {
      "indexes": Object {
        "fromMeId": Object {},
        "toSkillId": Object {},
      },
      "items": Array [],
      "itemsById": Object {},
      "meta": Object {},
    },
    "Membership": Object {
      "indexes": Object {
        "group": Object {},
        "person": Object {},
      },
      "items": Array [],
      "itemsById": Object {},
      "meta": Object {},
    },
    "Message": Object {
      "indexes": Object {
        "creator": Object {},
        "messageThread": Object {},
      },
      "items": Array [],
      "itemsById": Object {},
      "meta": Object {},
    },
    "MessageThread": Object {
      "indexes": Object {},
      "items": Array [],
      "itemsById": Object {},
      "meta": Object {},
    },
    "MessageThreadParticipants": Object {
      "indexes": Object {
        "fromMessageThreadId": Object {},
        "toPersonId": Object {},
      },
      "items": Array [],
      "itemsById": Object {},
      "meta": Object {},
    },
    "MySkillsToLearn": Object {
      "indexes": Object {
        "me": Object {},
        "skillToLearn": Object {},
      },
      "items": Array [],
      "itemsById": Object {},
      "meta": Object {},
    },
    "Notification": Object {
      "indexes": Object {
        "activity": Object {},
      },
      "items": Array [],
      "itemsById": Object {},
      "meta": Object {},
    },
    "Person": Object {
      "indexes": Object {
        "locationId": Object {},
      },
      "items": Array [],
      "itemsById": Object {},
      "meta": Object {},
    },
    "PersonConnection": Object {
      "indexes": Object {
        "person": Object {},
      },
      "items": Array [],
      "itemsById": Object {},
      "meta": Object {},
    },
    "PersonSkills": Object {
      "indexes": Object {
        "fromPersonId": Object {},
        "toSkillId": Object {},
      },
      "items": Array [],
      "itemsById": Object {},
      "meta": Object {},
    },
    "PersonSkillsToLearn": Object {
      "indexes": Object {
        "person": Object {},
        "skillToLearn": Object {},
      },
      "items": Array [],
      "itemsById": Object {},
      "meta": Object {},
    },
    "Post": Object {
      "indexes": Object {
        "creator": Object {},
        "locationId": Object {},
      },
      "items": Array [],
      "itemsById": Object {},
      "meta": Object {},
    },
    "PostCommenter": Object {
      "indexes": Object {
        "commenter": Object {},
        "post": Object {},
      },
      "items": Array [],
      "itemsById": Object {},
      "meta": Object {},
    },
    "PostFollower": Object {
      "indexes": Object {
        "follower": Object {},
        "post": Object {},
      },
      "items": Array [],
      "itemsById": Object {},
      "meta": Object {},
    },
    "PostGroups": Object {
      "indexes": Object {
        "fromPostId": Object {},
        "toGroupId": Object {},
      },
      "items": Array [],
      "itemsById": Object {},
      "meta": Object {},
    },
    "PostMembership": Object {
      "indexes": Object {
        "group": Object {},
      },
      "items": Array [],
      "itemsById": Object {},
      "meta": Object {},
    },
    "PostPostMemberships": Object {
      "indexes": Object {
        "fromPostId": Object {},
        "toPostMembershipId": Object {},
      },
      "items": Array [],
      "itemsById": Object {},
      "meta": Object {},
    },
    "PostTopics": Object {
      "indexes": Object {
        "fromPostId": Object {},
        "toTopicId": Object {},
      },
      "items": Array [],
      "itemsById": Object {},
      "meta": Object {},
    },
    "ProjectMember": Object {
      "indexes": Object {
        "member": Object {},
        "post": Object {},
      },
      "items": Array [],
      "itemsById": Object {},
      "meta": Object {},
    },
    "Question": Object {
      "indexes": Object {},
      "items": Array [],
      "itemsById": Object {},
      "meta": Object {},
    },
    "SearchResult": Object {
      "indexes": Object {},
      "items": Array [],
      "itemsById": Object {},
      "meta": Object {},
    },
    "Skill": Object {
      "indexes": Object {},
      "items": Array [],
      "itemsById": Object {},
      "meta": Object {},
    },
    "Topic": Object {
      "indexes": Object {},
      "items": Array [],
      "itemsById": Object {},
      "meta": Object {},
    },
    "Vote": Object {
      "indexes": Object {
        "post": Object {},
        "voter": Object {},
      },
      "items": Array [],
      "itemsById": Object {},
      "meta": Object {},
    },
  },
  "pending": Object {},
  "queryResults": Object {},
  "session": Object {
    "groupId": null,
    "returnToOnAuthPath": null
  },
}
`;
