// Jest Snapshot v1, https://goo.gl/fbAQLP

exports[`sets up the expected reducers 1`] = `
Object {
  "CommentEditor": Object {},
  "CreateCommunityFlow": Object {},
  "DeepLinkHandler": Object {},
  "FeedList": Object {
    "filter": null,
    "sortBy": "updated",
  },
  "LoadingModal": Object {
    "shouldDisplay": false,
  },
  "MemberFeed": Object {
    "choice": "Posts",
  },
  "Members": Object {
    "search": "",
    "sortBy": "join",
  },
  "ModeratorSettings": Array [],
  "NewMessage": Object {
    "input": "",
    "message": "",
    "participants": Array [],
  },
  "PeopleTyping": Object {},
  "PostEditor": Object {},
  "Search": Object {},
  "SearchPage": Object {
    "filter": "all",
    "search": "",
  },
  "SignupFlow": Object {
    "errors": Object {},
    "userSettings": Object {
      "avatarUrl": "",
      "confirmPassword": "",
      "email": "",
      "location": "",
      "name": "",
      "password": "",
      "settings": Object {},
    },
  },
  "SkillEditor": Object {
    "skill": "",
    "userSkills": Array [],
  },
  "SocketListener": Object {},
  "TabBar": Object {
    "isVisible": true,
  },
  "Topics": Object {
    "term": "",
  },
  "currentNetworkAndCommunity": Object {
    "communityId": null,
    "networkId": null,
  },
  "mixpanel": MixpanelInstance {
    "addPushDeviceToken": [MockFunction],
    "alias": [MockFunction],
    "clearPushRegistrationId": [MockFunction],
    "disableIpAddressGeolocalization": [MockFunction],
    "flush": [MockFunction],
    "getDistinctId": [MockFunction],
    "getSuperProperty": [MockFunction],
    "identify": [MockFunction],
    "increment": [MockFunction],
    "initPushHandling": [MockFunction],
    "initialize": [MockFunction] {
      "calls": Array [
        Array [],
      ],
    },
    "registerSuperProperties": [MockFunction],
    "registerSuperPropertiesOnce": [MockFunction],
    "removeAllPushDeviceTokens": [MockFunction],
    "removePushDeviceToken": [MockFunction],
    "reset": [MockFunction],
    "set": [MockFunction],
    "setOnce": [MockFunction],
    "setPushRegistrationId": [MockFunction],
    "timeEvent": [MockFunction],
    "track": [MockFunction],
    "trackCharge": [MockFunction],
    "trackChargeWithProperties": [MockFunction],
    "union": [MockFunction],
  },
  "orm": Object {},
  "pending": Object {},
  "queryResults": Object {},
  "session": Object {},
}
`;
