// Jest Snapshot v1, https://goo.gl/fbAQLP

exports[`RootView Specification renders Login when signedIn false 1`] = `
<View>
  <View
    style={
      Object {
        "flex": 1,
      }
    }
  >
    <View
      style={
        Array [
          Object {
            "backgroundColor": "rgb(242, 242, 242)",
            "flex": 1,
          },
          undefined,
        ]
      }
    >
      <RNSScreenContainer
        onLayout={[Function]}
        style={
          Object {
            "flex": 1,
          }
        }
      >
        <RNSScreen
          activityState={2}
          forwardedRef={[Function]}
          pointerEvents="box-none"
        >
          <View
            collapsable={false}
          />
          <View
            accessibilityElementsHidden={false}
            closing={false}
            gestureVelocityImpact={0.3}
            importantForAccessibility="auto"
            onClose={[Function]}
            onGestureBegin={[Function]}
            onGestureCanceled={[Function]}
            onGestureEnd={[Function]}
            onOpen={[Function]}
            onTransition={[Function]}
            pointerEvents="box-none"
            style={
              Array [
                Object {
                  "display": "flex",
                  "overflow": undefined,
                },
                Object {
                  "bottom": 0,
                  "left": 0,
                  "position": "absolute",
                  "right": 0,
                  "top": 0,
                },
              ]
            }
            transitionSpec={
              Object {
                "close": Object {
                  "animation": "spring",
                  "config": Object {
                    "damping": 500,
                    "mass": 3,
                    "overshootClamping": true,
                    "restDisplacementThreshold": 10,
                    "restSpeedThreshold": 10,
                    "stiffness": 1000,
                  },
                },
                "open": Object {
                  "animation": "spring",
                  "config": Object {
                    "damping": 500,
                    "mass": 3,
                    "overshootClamping": true,
                    "restDisplacementThreshold": 10,
                    "restSpeedThreshold": 10,
                    "stiffness": 1000,
                  },
                },
              }
            }
          >
            <View
              pointerEvents="box-none"
            >
              <View
                collapsable={false}
                forwardedRef={[Function]}
                needsOffscreenAlphaCompositing={false}
                onGestureHandlerEvent={[Function]}
                onGestureHandlerStateChange={[Function]}
              >
                <View
                  style={
                    Array [
                      Object {
                        "flex": 1,
                        "overflow": "hidden",
                      },
                      Array [
                        Object {
                          "backgroundColor": "rgb(242, 242, 242)",
                        },
                        Object {
                          "backgroundColor": "#FFFFFF",
                        },
                      ],
                    ]
                  }
                >
                  <View
                    style={
                      Object {
                        "flex": 1,
                        "flexDirection": "column-reverse",
                      }
                    }
                  >
                    <View
                      style={
                        Object {
                          "flex": 1,
                        }
                      }
                    >
                      <RNCSafeAreaView
                        edges={
                          Array [
                            "bottom",
                            "left",
                            "right",
                          ]
                        }
                      >
                        <RCTScrollView
                          contentContainerStyle={
                            Object {
                              "alignItems": "center",
                              "backgroundColor": "white",
                              "justifyContent": "center",
                            }
                          }
                        >
                          <View>
                            <Image
                              source={
                                Object {
                                  "testUri": "../../../assets/merkaba-green-on-white.png",
                                }
                              }
                            />
                            <Text>
                              Log in to Hylo
                            </Text>
                            <View>
                              <Text>
                                Your email address
                              </Text>
                            </View>
                            <View>
                              <View>
                                <View>
                                  <TextInput
                                    autoCapitalize="none"
                                    autoCorrect={false}
                                    keyboardType="email-address"
                                    onChangeText={[Function]}
                                    onSubmitEditing={[Function]}
                                    returnKeyType="next"
                                    underlineColorAndroid="transparent"
                                  />
                                </View>
                                <View />
                              </View>
                            </View>
                            <View>
                              <Text>
                                Password
                              </Text>
                              <View
                                accessible={true}
                                collapsable={false}
                                focusable={true}
                                nativeID="animatedComponent"
                                onClick={[Function]}
                                onResponderGrant={[Function]}
                                onResponderMove={[Function]}
                                onResponderRelease={[Function]}
                                onResponderTerminate={[Function]}
                                onResponderTerminationRequest={[Function]}
                                onStartShouldSetResponder={[Function]}
                              >
                                <Text>
                                  Forgot your password?
                                </Text>
                              </View>
                            </View>
                            <View>
                              <View>
                                <View>
                                  <TextInput
                                    autoCapitalize="none"
                                    onChangeText={[Function]}
                                    onSubmitEditing={[Function]}
                                    returnKeyType="go"
                                    secureTextEntry={true}
                                    selectTextOnFocus={true}
                                    underlineColorAndroid="transparent"
                                  />
                                </View>
                                <View>
                                  <Text
                                    allowFontScaling={false}
                                    onPress={[Function]}
                                    style={
                                      Array [
                                        Object {
                                          "color": undefined,
                                          "fontSize": 12,
                                        },
                                        undefined,
                                        Object {
                                          "fontFamily": "Entypo",
                                          "fontStyle": "normal",
                                          "fontWeight": "normal",
                                        },
                                        Object {},
                                      ]
                                    }
                                  >
                                    
                                  </Text>
                                </View>
                              </View>
                            </View>
                            <View>
                              <View
                                accessible={true}
                                collapsable={false}
                                focusable={true}
                                nativeID="animatedComponent"
                                onClick={[Function]}
                                onResponderGrant={[Function]}
                                onResponderMove={[Function]}
                                onResponderRelease={[Function]}
                                onResponderTerminate={[Function]}
                                onResponderTerminationRequest={[Function]}
                                onStartShouldSetResponder={[Function]}
                              >
                                <Text>
                                  Log In
                                </Text>
                              </View>
                            </View>
                            <View>
                              <Text>
                                Or connect with:
                              </Text>
                              <View>
                                <View
                                  accessible={true}
                                  collapsable={false}
                                  focusable={true}
                                  nativeID="animatedComponent"
                                  onClick={[Function]}
                                  onResponderGrant={[Function]}
                                  onResponderMove={[Function]}
                                  onResponderRelease={[Function]}
                                  onResponderTerminate={[Function]}
                                  onResponderTerminationRequest={[Function]}
                                  onStartShouldSetResponder={[Function]}
                                >
                                  <View>
                                    <View>
                                      <Icon
                                        name="Google"
                                      />
                                      <Text>
                                        Sign in with Google
                                      </Text>
                                    </View>
                                  </View>
                                </View>
                              </View>
                              <View>
                                <View
                                  accessible={true}
                                  collapsable={false}
                                  focusable={true}
                                  nativeID="animatedComponent"
                                  onClick={[Function]}
                                  onResponderGrant={[Function]}
                                  onResponderMove={[Function]}
                                  onResponderRelease={[Function]}
                                  onResponderTerminate={[Function]}
                                  onResponderTerminationRequest={[Function]}
                                  onStartShouldSetResponder={[Function]}
                                >
                                  <View>
                                    <View>
                                      <Text
                                        allowFontScaling={false}
                                        customIconRender={[Function]}
                                        onPress={[Function]}
                                        style={
                                          Array [
                                            Object {
                                              "color": undefined,
                                              "fontSize": 12,
                                            },
                                            Object {
                                              "color": "#FFFFFF",
                                              "fontSize": 16,
                                              "paddingRight": 5,
                                            },
                                            Object {
                                              "fontFamily": "FontAwesome5Brands-Regular",
                                              "fontStyle": "normal",
                                              "fontWeight": "normal",
                                            },
                                            Object {
                                              "fontWeight": "400",
                                            },
                                          ]
                                        }
                                        text="Continue with Facebook"
                                      >
                                        
                                      </Text>
                                      <Text>
                                        Continue with Facebook
                                      </Text>
                                    </View>
                                  </View>
                                </View>
                              </View>
                            </View>
                            <View>
                              <Text>
                                Dont have an account? 
                              </Text>
                              <View
                                accessible={true}
                                collapsable={false}
                                focusable={true}
                                nativeID="animatedComponent"
                                onClick={[Function]}
                                onResponderGrant={[Function]}
                                onResponderMove={[Function]}
                                onResponderRelease={[Function]}
                                onResponderTerminate={[Function]}
                                onResponderTerminationRequest={[Function]}
                                onStartShouldSetResponder={[Function]}
                              >
                                <Text>
                                  Sign up now
                                </Text>
                              </View>
                            </View>
                          </View>
                        </RCTScrollView>
                      </RNCSafeAreaView>
                    </View>
                    <View
                      pointerEvents="box-none"
                    />
                  </View>
                </View>
              </View>
            </View>
          </View>
        </RNSScreen>
      </RNSScreenContainer>
      <View
        pointerEvents="box-none"
      />
    </View>
  </View>
</View>
`;
