// Jest Snapshot v1, https://goo.gl/fbAQLP

exports[`NotificationsList matches the last snapshot 1`] = `
<View>
  <RCTScrollView
    data={
      Array [
        Object {
          "activityId": "1",
          "actor": Object {
            "avatarUrl": "https://wombat.com",
            "name": "Wombat McAardvark",
          },
          "avatarSeparator": false,
          "createdAt": "2 min ago",
          "id": "1",
          "onPress": [Function],
          "unread": false,
        },
      ]
    }
    disableVirtualization={false}
    getItem={[Function]}
    getItemCount={[Function]}
    horizontal={false}
    initialNumToRender={10}
    keyExtractor={[Function]}
    maxToRenderPerBatch={10}
    numColumns={1}
    onContentSizeChange={[Function]}
    onEndReached={[Function]}
    onEndReachedThreshold={2}
    onLayout={[Function]}
    onMomentumScrollEnd={[Function]}
    onScroll={[Function]}
    onScrollBeginDrag={[Function]}
    onScrollEndDrag={[Function]}
    renderItem={[Function]}
    scrollEventThrottle={50}
    stickyHeaderIndices={Array []}
    updateCellsBatchingPeriod={50}
    viewabilityConfigCallbackPairs={Array []}
    windowSize={21}
  >
    <View>
      <View
        onLayout={[Function]}
      >
        <View>
          <View
            accessibilityComponentType={undefined}
            accessibilityLabel={undefined}
            accessibilityTraits={undefined}
            accessible={true}
            collapsable={undefined}
            hitSlop={undefined}
            isTVSelectable={true}
            nativeID={undefined}
            onLayout={undefined}
            onResponderGrant={[Function]}
            onResponderMove={[Function]}
            onResponderRelease={[Function]}
            onResponderTerminate={[Function]}
            onResponderTerminationRequest={[Function]}
            onStartShouldSetResponder={[Function]}
            testID={undefined}
            tvParallaxProperties={undefined}
          >
            <View>
              <View>
                <View>
                  <Image
                    source={
                      Object {
                        "uri": "https://wombat.com",
                      }
                    }
                  />
                </View>
              </View>
              <View>
                <Text
                  accessible={true}
                  allowFontScaling={true}
                  ellipsizeMode="tail"
                  numberOfLines={2}
                >
                  <Text
                    accessible={true}
                    allowFontScaling={true}
                    ellipsizeMode="tail"
                  />
                </Text>
                <Text
                  accessible={true}
                  allowFontScaling={true}
                  ellipsizeMode="tail"
                  numberOfLines={2}
                >
                  <Text
                    accessible={true}
                    allowFontScaling={true}
                    ellipsizeMode="tail"
                  >
                    Wombat 
                  </Text>
                </Text>
                <Text
                  accessible={true}
                  allowFontScaling={true}
                  ellipsizeMode="tail"
                >
                  2 min ago
                </Text>
              </View>
            </View>
          </View>
        </View>
      </View>
    </View>
  </RCTScrollView>
</View>
`;

exports[`NotificationsList matches the last snapshot for NotificationRow 1`] = `
<View>
  <TouchableOpacity
    activeOpacity={0.2}
    onPress={[Function]}
  >
    <NotificationCard
      notification={
        Object {
          "activityId": "1",
          "actor": Object {
            "avatarUrl": "https://wombat.com",
            "name": "Wombat McAardvark",
          },
          "avatarSeparator": false,
          "createdAt": "2 min ago",
          "id": "1",
          "onPress": [Function],
          "unread": false,
        }
      }
    />
  </TouchableOpacity>
</View>
`;
