// Jest Snapshot v1, https://goo.gl/fbAQLP

exports[`matches the last snapshot 1`] = `
<View>
  <Component
    allowFontScaling={true}
    onChangeText={[Function]}
    onContentSizeChange={[Function]}
    onSubmit={[Function]}
    placeholder="Wombats..."
    placeholderTextColor="#c0c6cd"
    rejectResponderTermination={true}
    style={
      Object {
        "flex": 2,
        "fontFamily": "Circular-Book",
        "fontSize": 14,
        "height": 22,
        "lineHeight": 18,
        "marginLeft": 5,
        "paddingVertical": 0,
      }
    }
    underlineColorAndroid="transparent"
  />
  <ForwardRef
    onPress={[Function]}
  >
    <Icon
      name="Send"
    />
  </ForwardRef>
</View>
`;
