// Jest Snapshot v1, https://goo.gl/fbAQLP

exports[`has navigation options 1`] = `
Object {
  "headerLeft": <HeaderButton
    onPress={[Function]}
    text="Close"
/>,
  "headerStyle": Object {
    "backgroundColor": "white",
    "paddingHorizontal": 10,
  },
  "headerTintColor": "#808c9b",
  "headerTitle": "Comment",
  "headerTitleStyle": Array [
    Object {
      "color": "black",
      "fontFamily": "Circular-Bold",
      "fontSize": 17,
      "marginLeft": 15,
    },
    Object {
      "alignSelf": "center",
    },
  ],
}
`;

exports[`renders correctly 1`] = `
<KeyboardAvoidingView
  behavior="padding"
  keyboardVerticalOffset={64}
>
  <Editor
    communityId={1}
    initialContent="lalala"
    navigation={
      Object {
        "state": Object {
          "params": Object {
            "communityId": 1,
          },
        },
      }
    }
    placeholder="Add a comment?"
  />
</KeyboardAvoidingView>
`;
