// Jest Snapshot v1, https://goo.gl/fbAQLP

exports[`InvitePeople handles tab-view functions 1`] = `
<TabBar
  getAccessibilityLabel={[Function]}
  getAccessible={[Function]}
  getLabelText={[Function]}
  getTestID={[Function]}
  indicatorStyle={
    Object {
      "backgroundColor": "#0DC39F",
    }
  }
  labelStyle={
    Object {
      "color": "#000",
      "fontFamily": "Circular-Book",
    }
  }
  renderIndicator={[Function]}
  tabStyle={
    Object {
      "width": 375,
    }
  }
/>
`;

exports[`InvitePeople handles tab-view functions 2`] = `<SendInvitesPage />`;

exports[`InvitePeople handles tab-view functions 3`] = `<PendingInvitesPage />`;

exports[`InvitePeople has navigation options 1`] = `
Object {
  "headerBackTitle": null,
  "headerLeft": <HeaderBackButton
    buttonImage={
      Object {
        "testUri": "../../react-navigation/src/views/assets/back-icon.png",
      }
    }
    onPress={[Function]}
    pressColorAndroid="rgba(0, 0, 0, .32)"
    tintColor="#808c9b"
    truncatedTitle="Back"
  />,
  "headerStyle": Object {
    "backgroundColor": "white",
    "paddingHorizontal": 10,
  },
  "headerTintColor": "#808c9b",
  "headerTitle": "Invite Members",
  "headerTitleStyle": Object {
    "color": "black",
    "fontFamily": "Circular-Bold",
    "fontSize": 17,
  },
}
`;

exports[`InvitePeople matches the last snapshot 1`] = `
<TabView
  gestureHandlerProps={Object {}}
  initialLayout={
    Object {
      "height": 0,
      "width": 750,
    }
  }
  keyboardDismissMode="auto"
  lazy={false}
  lazyPreloadDistance={0}
  navigationState={
    Object {
      "index": 0,
      "routes": Array [
        Object {
          "key": "0",
          "title": "Send Invites",
        },
        Object {
          "key": "1",
          "title": "Pending Invites",
        },
      ],
    }
  }
  onIndexChange={[Function]}
  removeClippedSubviews={false}
  renderLazyPlaceholder={[Function]}
  renderPager={[Function]}
  renderScene={[Function]}
  renderTabBar={[Function]}
  springConfig={Object {}}
  swipeEnabled={true}
  tabBarPosition="top"
  timingConfig={Object {}}
/>
`;

exports[`InvitePeople renders PendingInviteRow 1`] = `
<View>
  <View>
    <Text>
      john@doe.com
    </Text>
  </View>
  <View>
    <Text>
      just now
    </Text>
    <View>
      <TouchableOpacity
        activeOpacity={0.2}
        hitSlop={
          Object {
            "bottom": 10,
            "left": 10,
            "right": 10,
            "top": 10,
          }
        }
        onPress={[Function]}
      >
        <Text>
          Expire
        </Text>
      </TouchableOpacity>
      <TouchableOpacity
        activeOpacity={0.2}
        hitSlop={
          Object {
            "bottom": 10,
            "left": 10,
            "right": 10,
            "top": 10,
          }
        }
        onPress={[Function]}
      >
        <Text>
          Resend
        </Text>
      </TouchableOpacity>
    </View>
  </View>
</View>
`;

exports[`InvitePeople renders PendingInvitesPage 1`] = `
<ScrollViewMock>
  <Button
    onPress={[MockFunction]}
    text="Resend All"
  />
  <PendingInviteRow
    expireInvitation={[MockFunction]}
    first={true}
    invite={
      Object {
        "email": "john@doe.com",
        "id": 10,
        "lastSentAt": 2018-03-03T05:51:49.903Z,
      }
    }
    resendInvitation={[MockFunction]}
  />
</ScrollViewMock>
`;

exports[`InvitePeople renders SendInvitesPage 1`] = `
<ScrollViewMock>
  <KeyboardFriendlyView>
    <View>
      <View>
        <Text>
          Let anyone in this community send invites
        </Text>
        <View>
          <Switch
            onTintColor="#0DC39F"
            onValueChange={[Function]}
          />
        </View>
      </View>
      <Text>
        Anyone with this link can join the community
      </Text>
      <Text>
        https://hylo.com/invitepathhere
      </Text>
      <View>
        <Button
          onPress={[Function]}
          text="Reset Link"
        />
        <Button
          onPress={[Function]}
          text="Copy Link"
        />
      </View>
      <TextInput
        allowFontScaling={true}
        onChangeText={[Function]}
        placeholder="Type email addresses"
        rejectResponderTermination={true}
        underlineColorAndroid="rgba(0,0,0,0)"
        value=""
      />
      <TextInput
        allowFontScaling={true}
        multiline={true}
        numberOfLines={5}
        onChangeText={[Function]}
        rejectResponderTermination={true}
        underlineColorAndroid="rgba(0,0,0,0)"
        value="Hey! Here's an invite to the Axolotle community on Hylo."
      />
      <Button
        disabled={true}
        onPress={[Function]}
        text="Send Invite"
      />
    </View>
  </KeyboardFriendlyView>
</ScrollViewMock>
`;
