// Jest Snapshot v1, https://goo.gl/fbAQLP

exports[`mapDispatchToProps returns the right keys 1`] = `
Object {
  "fetchPerson": [Function],
  "goToCommunity": [Function],
  "updateUserSettings": [Function],
}
`;

exports[`mapStateToProps maps the state to the props 1`] = `
Object {
  "currentUser": undefined,
  "editing": undefined,
  "goToDetails": [Function],
  "goToEdit": [Function],
  "goToSkills": [Function],
  "id": 123,
  "isMe": false,
  "person": null,
}
`;

exports[`mergeProps returns the right keys 1`] = `
Object {
  "canFlag": true,
  "currentUser": Object {
    "id": 1,
  },
  "fetchPerson": [Function],
  "id": 78,
  "navigation": Object {
    "navigate": [Function],
  },
  "onPressMessages": [Function],
  "person": Object {
    "id": 78,
  },
}
`;
