// Jest Snapshot v1, https://goo.gl/fbAQLP

exports[`SubmitButton renders SubmitButton when submitting 1`] = `
<View>
  <ActivityIndicator />
</View>
`;

exports[`mentions and topics renders as expected 1`] = `
<View
  onBlur={[Function]}
  onFocus={[Function]}
>
  <View>
    <TextInput
      editable={true}
      multiline={true}
      onChangeText={[MockFunction]}
      onSelectionChange={[Function]}
      placeholder="Place Holder"
      placeholderTextColor="#c0c6cd"
      underlineColorAndroid="transparent"
      value="some text"
    />
    <View>
      <View
        accessible={true}
        collapsable={false}
        focusable={true}
        hitSlop={
          Object {
            "bottom": 7,
            "left": 7,
            "right": 7,
            "top": 7,
          }
        }
        onClick={[Function]}
        onResponderGrant={[Function]}
        onResponderMove={[Function]}
        onResponderRelease={[Function]}
        onResponderTerminate={[Function]}
        onResponderTerminationRequest={[Function]}
        onStartShouldSetResponder={[Function]}
      >
        <Text>
          @
        </Text>
      </View>
      <View
        accessible={true}
        collapsable={false}
        focusable={true}
        hitSlop={
          Object {
            "bottom": 7,
            "left": 7,
            "right": 7,
            "top": 7,
          }
        }
        onClick={[Function]}
        onResponderGrant={[Function]}
        onResponderMove={[Function]}
        onResponderRelease={[Function]}
        onResponderTerminate={[Function]}
        onResponderTerminationRequest={[Function]}
        onStartShouldSetResponder={[Function]}
      >
        <Text>
          #
        </Text>
      </View>
    </View>
  </View>
  <View
    accessibilityState={
      Object {
        "disabled": false,
      }
    }
    accessible={true}
    collapsable={false}
    focusable={true}
    hitSlop={
      Object {
        "bottom": 10,
        "left": 10,
        "right": 10,
        "top": 5,
      }
    }
    onClick={[Function]}
    onResponderGrant={[Function]}
    onResponderMove={[Function]}
    onResponderRelease={[Function]}
    onResponderTerminate={[Function]}
    onResponderTerminationRequest={[Function]}
    onStartShouldSetResponder={[Function]}
  >
    <Text
      allowFontScaling={false}
      style={
        Array [
          Object {
            "color": undefined,
            "fontSize": 26,
          },
          undefined,
          Object {
            "fontFamily": "Material Icons",
            "fontStyle": "normal",
            "fontWeight": "normal",
          },
          Object {},
        ]
      }
    >
      
    </Text>
  </View>
</View>
`;

exports[`renders SubmitButton when submitting 1`] = `
<View>
  <ActivityIndicator />
</View>
`;
