// Jest Snapshot v1, https://goo.gl/fbAQLP

exports[`renders SubmitButton when submitting 1`] = `
<View>
  <ActivityIndicator />
</View>
`;

exports[`renders as expected 1`] = `
<View
  onBlur={[Function]}
  onFocus={[Function]}
>
  <View>
    <TextInput
      editable={true}
      multiline={true}
      onChangeText={[MockFunction]}
      onSelectionChange={[Function]}
      placeholder="Place Holder"
      placeholderTextColor="#c0c6cd"
      underlineColorAndroid="transparent"
      value="some text"
    />
    <View>
      <TouchableOpacity
        hitSlop={
          Object {
            "bottom": 7,
            "left": 7,
            "right": 7,
            "top": 7,
          }
        }
        onPress={[Function]}
      >
        <Text>
          @
        </Text>
      </TouchableOpacity>
      <TouchableOpacity
        hitSlop={
          Object {
            "bottom": 7,
            "left": 7,
            "right": 7,
            "top": 7,
          }
        }
        onPress={[Function]}
      >
        <Text>
          #
        </Text>
      </TouchableOpacity>
    </View>
  </View>
  <SubmitButton
    active={true}
    onSubmit={[Function]}
    submitting={false}
  />
</View>
`;
